[2025-11-23 16:26:01] local.ERROR: Maximum execution time of 30 seconds exceeded {"exception":"[object] (Symfony\\Component\\ErrorHandler\\Error\\FatalError(code: 0): Maximum execution time of 30 seconds exceeded at C:\\Users\\joaox\\OneDrive\\Área de Trabalho\\02-SI-UniAlfa-TCC-2025-02\\MVP\\back-end\\vendor\\composer\\ClassLoader.php:429)
[stacktrace]
#0 {main}
"} 
[2025-11-24 00:55:08] local.ERROR: Maximum execution time of 30 seconds exceeded {"exception":"[object] (Symfony\\Component\\ErrorHandler\\Error\\FatalError(code: 0): Maximum execution time of 30 seconds exceeded at C:\\Users\\joaox\\OneDrive\\Área de Trabalho\\02-SI-UniAlfa-TCC-2025-02\\MVP\\back-end\\vendor\\symfony\\translation\\Loader\\ArrayLoader.php:21)
[stacktrace]
#0 {main}
"} 
[2025-11-24 17:36:15] local.ERROR: Class "App\Http\Controllers\Adocao" not found {"userId":1,"exception":"[object] (Error(code: 0): Class \"App\\Http\\Controllers\\Adocao\" not found at C:\\Users\\joaox\\OneDrive\\Área de Trabalho\\02-SI-UniAlfa-TCC-2025-02\\MVP\\back-end\\app\\Http\\Controllers\\AnimalController.php:298)
[stacktrace]
#0 C:\\Users\\joaox\\OneDrive\\Área de Trabalho\\02-SI-UniAlfa-TCC-2025-02\\MVP\\back-end\\vendor\\laravel\\framework\\src\\Illuminate\\Database\\Concerns\\ManagesTransactions.php(35): App\\Http\\Controllers\\AnimalController->App\\Http\\Controllers\\{closure}(Object(Illuminate\\Database\\MySqlConnection))
#1 C:\\Users\\joaox\\OneDrive\\Área de Trabalho\\02-SI-UniAlfa-TCC-2025-02\\MVP\\back-end\\vendor\\laravel\\framework\\src\\Illuminate\\Database\\DatabaseManager.php(489): Illuminate\\Database\\Connection->transaction(Object(Closure))
#2 C:\\Users\\joaox\\OneDrive\\Área de Trabalho\\02-SI-UniAlfa-TCC-2025-02\\MVP\\back-end\\vendor\\laravel\\framework\\src\\Illuminate\\Support\\Facades\\Facade.php(363): Illuminate\\Database\\DatabaseManager->__call('transaction', Array)
#3 C:\\Users\\joaox\\OneDrive\\Área de Trabalho\\02-SI-UniAlfa-TCC-2025-02\\MVP\\back-end\\app\\Http\\Controllers\\AnimalController.php(289): Illuminate\\Support\\Facades\\Facade::__callStatic('transaction', Array)
#4 C:\\Users\\joaox\\OneDrive\\Área de Trabalho\\02-SI-UniAlfa-TCC-2025-02\\MVP\\back-end\\vendor\\laravel\\framework\\src\\Illuminate\\Routing\\ControllerDispatcher.php(46): App\\Http\\Controllers\\AnimalController->destroy('2')
#5 C:\\Users\\joaox\\OneDrive\\Área de Trabalho\\02-SI-UniAlfa-TCC-2025-02\\MVP\\back-end\\vendor\\laravel\\framework\\src\\Illuminate\\Routing\\Route.php(265): Illuminate\\Routing\\ControllerDispatcher->dispatch(Object(Illuminate\\Routing\\Route), Object(App\\Http\\Controllers\\AnimalController), 'destroy')
#6 C:\\Users\\joaox\\OneDrive\\Área de Trabalho\\02-SI-UniAlfa-TCC-2025-02\\MVP\\back-end\\vendor\\laravel\\framework\\src\\Illuminate\\Routing\\Route.php(211): Illuminate\\Routing\\Route->runController()
#7 C:\\Users\\joaox\\OneDrive\\Área de Trabalho\\02-SI-UniAlfa-TCC-2025-02\\MVP\\back-end\\vendor\\laravel\\framework\\src\\Illuminate\\Routing\\Router.php(822): Illuminate\\Routing\\Route->run()
#8 C:\\Users\\joaox\\OneDrive\\Área de Trabalho\\02-SI-UniAlfa-TCC-2025-02\\MVP\\back-end\\vendor\\laravel\\framework\\src\\Illuminate\\Pipeline\\Pipeline.php(180): Illuminate\\Routing\\Router->Illuminate\\Routing\\{closure}(Object(Illuminate\\Http\\Request))
#9 C:\\Users\\joaox\\OneDrive\\Área de Trabalho\\02-SI-UniAlfa-TCC-2025-02\\MVP\\back-end\\app\\Http\\Middleware\\RoleMiddleware.php(19): Illuminate\\Pipeline\\Pipeline->Illuminate\\Pipeline\\{closure}(Object(Illuminate\\Http\\Request))
#10 C:\\Users\\joaox\\OneDrive\\Área de Trabalho\\02-SI-UniAlfa-TCC-2025-02\\MVP\\back-end\\vendor\\laravel\\framework\\src\\Illuminate\\Pipeline\\Pipeline.php(219): App\\Http\\Middleware\\RoleMiddleware->handle(Object(Illuminate\\Http\\Request), Object(Closure), 'admin')
#11 C:\\Users\\joaox\\OneDrive\\Área de Trabalho\\02-SI-UniAlfa-TCC-2025-02\\MVP\\back-end\\vendor\\php-open-source-saver\\jwt-auth\\src\\Http\\Middleware\\Authenticate.php(31): Illuminate\\Pipeline\\Pipeline->Illuminate\\Pipeline\\{closure}(Object(Illuminate\\Http\\Request))
#12 C:\\Users\\joaox\\OneDrive\\Área de Trabalho\\02-SI-UniAlfa-TCC-2025-02\\MVP\\back-end\\vendor\\laravel\\framework\\src\\Illuminate\\Pipeline\\Pipeline.php(219): PHPOpenSourceSaver\\JWTAuth\\Http\\Middleware\\Authenticate->handle(Object(Illuminate\\Http\\Request), Object(Closure))
#13 C:\\Users\\joaox\\OneDrive\\Área de Trabalho\\02-SI-UniAlfa-TCC-2025-02\\MVP\\back-end\\vendor\\laravel\\framework\\src\\Illuminate\\Routing\\Middleware\\SubstituteBindings.php(50): Illuminate\\Pipeline\\Pipeline->Illuminate\\Pipeline\\{closure}(Object(Illuminate\\Http\\Request))
#14 C:\\Users\\joaox\\OneDrive\\Área de Trabalho\\02-SI-UniAlfa-TCC-2025-02\\MVP\\back-end\\vendor\\laravel\\framework\\src\\Illuminate\\Pipeline\\Pipeline.php(219): Illuminate\\Routing\\Middleware\\SubstituteBindings->handle(Object(Illuminate\\Http\\Request), Object(Closure))
#15 C:\\Users\\joaox\\OneDrive\\Área de Trabalho\\02-SI-UniAlfa-TCC-2025-02\\MVP\\back-end\\vendor\\laravel\\framework\\src\\Illuminate\\Pipeline\\Pipeline.php(137): Illuminate\\Pipeline\\Pipeline->Illuminate\\Pipeline\\{closure}(Object(Illuminate\\Http\\Request))
#16 C:\\Users\\joaox\\OneDrive\\Área de Trabalho\\02-SI-UniAlfa-TCC-2025-02\\MVP\\back-end\\vendor\\laravel\\framework\\src\\Illuminate\\Routing\\Router.php(821): Illuminate\\Pipeline\\Pipeline->then(Object(Closure))
#17 C:\\Users\\joaox\\OneDrive\\Área de Trabalho\\02-SI-UniAlfa-TCC-2025-02\\MVP\\back-end\\vendor\\laravel\\framework\\src\\Illuminate\\Routing\\Router.php(800): Illuminate\\Routing\\Router->runRouteWithinStack(Object(Illuminate\\Routing\\Route), Object(Illuminate\\Http\\Request))
#18 C:\\Users\\joaox\\OneDrive\\Área de Trabalho\\02-SI-UniAlfa-TCC-2025-02\\MVP\\back-end\\vendor\\laravel\\framework\\src\\Illuminate\\Routing\\Router.php(764): Illuminate\\Routing\\Router->runRoute(Object(Illuminate\\Http\\Request), Object(Illuminate\\Routing\\Route))
#19 C:\\Users\\joaox\\OneDrive\\Área de Trabalho\\02-SI-UniAlfa-TCC-2025-02\\MVP\\back-end\\vendor\\laravel\\framework\\src\\Illuminate\\Routing\\Router.php(753): Illuminate\\Routing\\Router->dispatchToRoute(Object(Illuminate\\Http\\Request))
#20 C:\\Users\\joaox\\OneDrive\\Área de Trabalho\\02-SI-UniAlfa-TCC-2025-02\\MVP\\back-end\\vendor\\laravel\\framework\\src\\Illuminate\\Foundation\\Http\\Kernel.php(200): Illuminate\\Routing\\Router->dispatch(Object(Illuminate\\Http\\Request))
#21 C:\\Users\\joaox\\OneDrive\\Área de Trabalho\\02-SI-UniAlfa-TCC-2025-02\\MVP\\back-end\\vendor\\laravel\\framework\\src\\Illuminate\\Pipeline\\Pipeline.php(180): Illuminate\\Foundation\\Http\\Kernel->Illuminate\\Foundation\\Http\\{closure}(Object(Illuminate\\Http\\Request))
#22 C:\\Users\\joaox\\OneDrive\\Área de Trabalho\\02-SI-UniAlfa-TCC-2025-02\\MVP\\back-end\\vendor\\laravel\\framework\\src\\Illuminate\\Foundation\\Http\\Middleware\\TransformsRequest.php(21): Illuminate\\Pipeline\\Pipeline->Illuminate\\Pipeline\\{closure}(Object(Illuminate\\Http\\Request))
#23 C:\\Users\\joaox\\OneDrive\\Área de Trabalho\\02-SI-UniAlfa-TCC-2025-02\\MVP\\back-end\\vendor\\laravel\\framework\\src\\Illuminate\\Foundation\\Http\\Middleware\\ConvertEmptyStringsToNull.php(31): Illuminate\\Foundation\\Http\\Middleware\\TransformsRequest->handle(Object(Illuminate\\Http\\Request), Object(Closure))
#24 C:\\Users\\joaox\\OneDrive\\Área de Trabalho\\02-SI-UniAlfa-TCC-2025-02\\MVP\\back-end\\vendor\\laravel\\framework\\src\\Illuminate\\Pipeline\\Pipeline.php(219): Illuminate\\Foundation\\Http\\Middleware\\ConvertEmptyStringsToNull->handle(Object(Illuminate\\Http\\Request), Object(Closure))
#25 C:\\Users\\joaox\\OneDrive\\Área de Trabalho\\02-SI-UniAlfa-TCC-2025-02\\MVP\\back-end\\vendor\\laravel\\framework\\src\\Illuminate\\Foundation\\Http\\Middleware\\TransformsRequest.php(21): Illuminate\\Pipeline\\Pipeline->Illuminate\\Pipeline\\{closure}(Object(Illuminate\\Http\\Request))
#26 C:\\Users\\joaox\\OneDrive\\Área de Trabalho\\02-SI-UniAlfa-TCC-2025-02\\MVP\\back-end\\vendor\\laravel\\framework\\src\\Illuminate\\Foundation\\Http\\Middleware\\TrimStrings.php(51): Illuminate\\Foundation\\Http\\Middleware\\TransformsRequest->handle(Object(Illuminate\\Http\\Request), Object(Closure))
#27 C:\\Users\\joaox\\OneDrive\\Área de Trabalho\\02-SI-UniAlfa-TCC-2025-02\\MVP\\back-end\\vendor\\laravel\\framework\\src\\Illuminate\\Pipeline\\Pipeline.php(219): Illuminate\\Foundation\\Http\\Middleware\\TrimStrings->handle(Object(Illuminate\\Http\\Request), Object(Closure))
#28 C:\\Users\\joaox\\OneDrive\\Área de Trabalho\\02-SI-UniAlfa-TCC-2025-02\\MVP\\back-end\\vendor\\laravel\\framework\\src\\Illuminate\\Http\\Middleware\\ValidatePostSize.php(27): Illuminate\\Pipeline\\Pipeline->Illuminate\\Pipeline\\{closure}(Object(Illuminate\\Http\\Request))
#29 C:\\Users\\joaox\\OneDrive\\Área de Trabalho\\02-SI-UniAlfa-TCC-2025-02\\MVP\\back-end\\vendor\\laravel\\framework\\src\\Illuminate\\Pipeline\\Pipeline.php(219): Illuminate\\Http\\Middleware\\ValidatePostSize->handle(Object(Illuminate\\Http\\Request), Object(Closure))
#30 C:\\Users\\joaox\\OneDrive\\Área de Trabalho\\02-SI-UniAlfa-TCC-2025-02\\MVP\\back-end\\vendor\\laravel\\framework\\src\\Illuminate\\Foundation\\Http\\Middleware\\PreventRequestsDuringMaintenance.php(109): Illuminate\\Pipeline\\Pipeline->Illuminate\\Pipeline\\{closure}(Object(Illuminate\\Http\\Request))
#31 C:\\Users\\joaox\\OneDrive\\Área de Trabalho\\02-SI-UniAlfa-TCC-2025-02\\MVP\\back-end\\vendor\\laravel\\framework\\src\\Illuminate\\Pipeline\\Pipeline.php(219): Illuminate\\Foundation\\Http\\Middleware\\PreventRequestsDuringMaintenance->handle(Object(Illuminate\\Http\\Request), Object(Closure))
#32 C:\\Users\\joaox\\OneDrive\\Área de Trabalho\\02-SI-UniAlfa-TCC-2025-02\\MVP\\back-end\\vendor\\laravel\\framework\\src\\Illuminate\\Http\\Middleware\\HandleCors.php(61): Illuminate\\Pipeline\\Pipeline->Illuminate\\Pipeline\\{closure}(Object(Illuminate\\Http\\Request))
#33 C:\\Users\\joaox\\OneDrive\\Área de Trabalho\\02-SI-UniAlfa-TCC-2025-02\\MVP\\back-end\\vendor\\laravel\\framework\\src\\Illuminate\\Pipeline\\Pipeline.php(219): Illuminate\\Http\\Middleware\\HandleCors->handle(Object(Illuminate\\Http\\Request), Object(Closure))
#34 C:\\Users\\joaox\\OneDrive\\Área de Trabalho\\02-SI-UniAlfa-TCC-2025-02\\MVP\\back-end\\vendor\\laravel\\framework\\src\\Illuminate\\Http\\Middleware\\TrustProxies.php(58): Illuminate\\Pipeline\\Pipeline->Illuminate\\Pipeline\\{closure}(Object(Illuminate\\Http\\Request))
#35 C:\\Users\\joaox\\OneDrive\\Área de Trabalho\\02-SI-UniAlfa-TCC-2025-02\\MVP\\back-end\\vendor\\laravel\\framework\\src\\Illuminate\\Pipeline\\Pipeline.php(219): Illuminate\\Http\\Middleware\\TrustProxies->handle(Object(Illuminate\\Http\\Request), Object(Closure))
#36 C:\\Users\\joaox\\OneDrive\\Área de Trabalho\\02-SI-UniAlfa-TCC-2025-02\\MVP\\back-end\\vendor\\laravel\\framework\\src\\Illuminate\\Foundation\\Http\\Middleware\\InvokeDeferredCallbacks.php(22): Illuminate\\Pipeline\\Pipeline->Illuminate\\Pipeline\\{closure}(Object(Illuminate\\Http\\Request))
#37 C:\\Users\\joaox\\OneDrive\\Área de Trabalho\\02-SI-UniAlfa-TCC-2025-02\\MVP\\back-end\\vendor\\laravel\\framework\\src\\Illuminate\\Pipeline\\Pipeline.php(219): Illuminate\\Foundation\\Http\\Middleware\\InvokeDeferredCallbacks->handle(Object(Illuminate\\Http\\Request), Object(Closure))
#38 C:\\Users\\joaox\\OneDrive\\Área de Trabalho\\02-SI-UniAlfa-TCC-2025-02\\MVP\\back-end\\vendor\\laravel\\framework\\src\\Illuminate\\Http\\Middleware\\ValidatePathEncoding.php(26): Illuminate\\Pipeline\\Pipeline->Illuminate\\Pipeline\\{closure}(Object(Illuminate\\Http\\Request))
#39 C:\\Users\\joaox\\OneDrive\\Área de Trabalho\\02-SI-UniAlfa-TCC-2025-02\\MVP\\back-end\\vendor\\laravel\\framework\\src\\Illuminate\\Pipeline\\Pipeline.php(219): Illuminate\\Http\\Middleware\\ValidatePathEncoding->handle(Object(Illuminate\\Http\\Request), Object(Closure))
#40 C:\\Users\\joaox\\OneDrive\\Área de Trabalho\\02-SI-UniAlfa-TCC-2025-02\\MVP\\back-end\\vendor\\laravel\\framework\\src\\Illuminate\\Pipeline\\Pipeline.php(137): Illuminate\\Pipeline\\Pipeline->Illuminate\\Pipeline\\{closure}(Object(Illuminate\\Http\\Request))
#41 C:\\Users\\joaox\\OneDrive\\Área de Trabalho\\02-SI-UniAlfa-TCC-2025-02\\MVP\\back-end\\vendor\\laravel\\framework\\src\\Illuminate\\Foundation\\Http\\Kernel.php(175): Illuminate\\Pipeline\\Pipeline->then(Object(Closure))
#42 C:\\Users\\joaox\\OneDrive\\Área de Trabalho\\02-SI-UniAlfa-TCC-2025-02\\MVP\\back-end\\vendor\\laravel\\framework\\src\\Illuminate\\Foundation\\Http\\Kernel.php(144): Illuminate\\Foundation\\Http\\Kernel->sendRequestThroughRouter(Object(Illuminate\\Http\\Request))
#43 C:\\Users\\joaox\\OneDrive\\Área de Trabalho\\02-SI-UniAlfa-TCC-2025-02\\MVP\\back-end\\vendor\\laravel\\framework\\src\\Illuminate\\Foundation\\Application.php(1220): Illuminate\\Foundation\\Http\\Kernel->handle(Object(Illuminate\\Http\\Request))
#44 C:\\Users\\joaox\\OneDrive\\Área de Trabalho\\02-SI-UniAlfa-TCC-2025-02\\MVP\\back-end\\public\\index.php(20): Illuminate\\Foundation\\Application->handleRequest(Object(Illuminate\\Http\\Request))
#45 C:\\Users\\joaox\\OneDrive\\Área de Trabalho\\02-SI-UniAlfa-TCC-2025-02\\MVP\\back-end\\vendor\\laravel\\framework\\src\\Illuminate\\Foundation\\resources\\server.php(23): require_once('C:\\\\Users\\\\joaox\\\\...')
#46 {main}
"} 
